<html>
<head>
    <title>test: rewrite, create external CSS-file, update URLs</title>
    <meta http-equiv="Content-Type" content="text/html; charset=utf-8">

    <link rel="stylesheet" type="text/css" href="static/css/main/all.css">
    
    
    
</head>
<body>
    
    <h3>This is a header</h3>
    
</body>
</html>
