<html>
<head>
    <title>test: collect minified styles into one CSS-file and overwrite source HTML-file</title>
    <meta http-equiv="Content-Type" content="text/html; charset=utf-8">

    <link rel="stylesheet" href="css/combined.css" type="text/css">
    
    
    
    
    
</head>
<body>
    <link rel="stylesheet" type="text/css" href="style/extra/unknown.css">
    <h3>This is header</h3>
    
    <div>
        This is content.
    </div>
    
</body>
</html>
